============================================================
Google Trends Gaming Alert - Integration Test
============================================================

[*] Testing ID...
  [OK] Fetched 105 bytes
  [OK] Parsed 0 trends

============================================================
[OK] Integration test complete!
============================================================
